// Jest Snapshot v1, https://goo.gl/fbAQLP

exports[`Test Results Component tests for the snapshot 1`] = `
ShallowWrapper {
  Symbol(enzyme.__root__): [Circular],
  Symbol(enzyme.__unrendered__): <Nav />,
  Symbol(enzyme.__renderer__): Object {
    "batchedUpdates": [Function],
    "getNode": [Function],
    "render": [Function],
    "simulateError": [Function],
    "simulateEvent": [Function],
    "unmount": [Function],
  },
  Symbol(enzyme.__node__): Object {
    "instance": null,
    "key": undefined,
    "nodeType": "host",
    "props": Object {
      "children": Array [
        <li>
          <NavLink
            activeClassName="active"
            aria-current="page"
            exact={true}
            to="/"
          >
              Home  
          </NavLink>
        </li>,
        <li>
          <NavLink
            activeClassName="active"
            aria-current="page"
            to="/battle"
          >
              Battle  
          </NavLink>
        </li>,
        <li>
          <NavLink
            activeClassName="active"
            aria-current="page"
            to="/popular"
          >
              Popular  
          </NavLink>
        </li>,
      ],
      "className": "nav",
    },
    "ref": null,
    "rendered": Array [
      Object {
        "instance": null,
        "key": undefined,
        "nodeType": "host",
        "props": Object {
          "children": <NavLink
            activeClassName="active"
            aria-current="page"
            exact={true}
            to="/"
          >
              Home  
          </NavLink>,
        },
        "ref": null,
        "rendered": Object {
          "instance": null,
          "key": undefined,
          "nodeType": "function",
          "props": Object {
            "activeClassName": "active",
            "aria-current": "page",
            "children": "  Home  ",
            "exact": true,
            "to": "/",
          },
          "ref": null,
          "rendered": "  Home  ",
          "type": [Function],
        },
        "type": "li",
      },
      Object {
        "instance": null,
        "key": undefined,
        "nodeType": "host",
        "props": Object {
          "children": <NavLink
            activeClassName="active"
            aria-current="page"
            to="/battle"
          >
              Battle  
          </NavLink>,
        },
        "ref": null,
        "rendered": Object {
          "instance": null,
          "key": undefined,
          "nodeType": "function",
          "props": Object {
            "activeClassName": "active",
            "aria-current": "page",
            "children": "  Battle  ",
            "to": "/battle",
          },
          "ref": null,
          "rendered": "  Battle  ",
          "type": [Function],
        },
        "type": "li",
      },
      Object {
        "instance": null,
        "key": undefined,
        "nodeType": "host",
        "props": Object {
          "children": <NavLink
            activeClassName="active"
            aria-current="page"
            to="/popular"
          >
              Popular  
          </NavLink>,
        },
        "ref": null,
        "rendered": Object {
          "instance": null,
          "key": undefined,
          "nodeType": "function",
          "props": Object {
            "activeClassName": "active",
            "aria-current": "page",
            "children": "  Popular  ",
            "to": "/popular",
          },
          "ref": null,
          "rendered": "  Popular  ",
          "type": [Function],
        },
        "type": "li",
      },
    ],
    "type": "ul",
  },
  Symbol(enzyme.__nodes__): Array [
    Object {
      "instance": null,
      "key": undefined,
      "nodeType": "host",
      "props": Object {
        "children": Array [
          <li>
            <NavLink
              activeClassName="active"
              aria-current="page"
              exact={true}
              to="/"
            >
                Home  
            </NavLink>
          </li>,
          <li>
            <NavLink
              activeClassName="active"
              aria-current="page"
              to="/battle"
            >
                Battle  
            </NavLink>
          </li>,
          <li>
            <NavLink
              activeClassName="active"
              aria-current="page"
              to="/popular"
            >
                Popular  
            </NavLink>
          </li>,
        ],
        "className": "nav",
      },
      "ref": null,
      "rendered": Array [
        Object {
          "instance": null,
          "key": undefined,
          "nodeType": "host",
          "props": Object {
            "children": <NavLink
              activeClassName="active"
              aria-current="page"
              exact={true}
              to="/"
            >
                Home  
            </NavLink>,
          },
          "ref": null,
          "rendered": Object {
            "instance": null,
            "key": undefined,
            "nodeType": "function",
            "props": Object {
              "activeClassName": "active",
              "aria-current": "page",
              "children": "  Home  ",
              "exact": true,
              "to": "/",
            },
            "ref": null,
            "rendered": "  Home  ",
            "type": [Function],
          },
          "type": "li",
        },
        Object {
          "instance": null,
          "key": undefined,
          "nodeType": "host",
          "props": Object {
            "children": <NavLink
              activeClassName="active"
              aria-current="page"
              to="/battle"
            >
                Battle  
            </NavLink>,
          },
          "ref": null,
          "rendered": Object {
            "instance": null,
            "key": undefined,
            "nodeType": "function",
            "props": Object {
              "activeClassName": "active",
              "aria-current": "page",
              "children": "  Battle  ",
              "to": "/battle",
            },
            "ref": null,
            "rendered": "  Battle  ",
            "type": [Function],
          },
          "type": "li",
        },
        Object {
          "instance": null,
          "key": undefined,
          "nodeType": "host",
          "props": Object {
            "children": <NavLink
              activeClassName="active"
              aria-current="page"
              to="/popular"
            >
                Popular  
            </NavLink>,
          },
          "ref": null,
          "rendered": Object {
            "instance": null,
            "key": undefined,
            "nodeType": "function",
            "props": Object {
              "activeClassName": "active",
              "aria-current": "page",
              "children": "  Popular  ",
              "to": "/popular",
            },
            "ref": null,
            "rendered": "  Popular  ",
            "type": [Function],
          },
          "type": "li",
        },
      ],
      "type": "ul",
    },
  ],
  Symbol(enzyme.__options__): Object {
    "adapter": ReactSixteenAdapter {
      "options": Object {
        "enableComponentDidUpdateOnSetState": true,
        "lifecycles": Object {
          "componentDidUpdate": Object {
            "onSetState": true,
          },
          "getDerivedStateFromProps": true,
          "getSnapshotBeforeUpdate": true,
          "setState": Object {
            "skipsComponentDidUpdateOnNullish": true,
          },
        },
      },
    },
  },
}
`;
